0 verbose cli C:\Program Files\nodejs\node.exe C:\Program Files\nodejs\node_modules\npm\bin\npm-cli.js
1 info using npm@11.6.1
2 info using node@v24.11.0
3 silly config load:file:C:\Program Files\nodejs\node_modules\npm\npmrc
4 silly config load:file:D:\download\gym-admin\.npmrc
5 silly config load:file:C:\Users\Zydan\.npmrc
6 silly config load:file:C:\Users\Zydan\AppData\Roaming\npm\etc\npmrc
7 verbose title npm install
8 verbose argv "install" "--cache" ".\\npm-cache"
9 verbose logfile logs-max:10 dir:D:\download\gym-admin\npm-cache\_logs\2026-09-24T09_49_15_631Z-
10 verbose logfile D:\download\gym-admin\npm-cache\_logs\2026-09-24T09_49_15_631Z-debug-0.log
11 silly logfile done cleaning log files
12 silly packumentCache heap:2348810240 maxSize:587202560 maxEntrySize:293601280
13 silly idealTree buildDeps
14 silly fetch manifest @vitejs/plugin-react@latest
15 silly packumentCache full:https://registry.npmjs.org/@vitejs%2fplugin-react cache-miss
16 http fetch GET 200 https://registry.npmjs.org/@vitejs%2fplugin-react 1215ms (cache miss)
17 silly packumentCache full:https://registry.npmjs.org/@vitejs%2fplugin-react set size:undefined disposed:false
18 silly fetch manifest @rolldown/plugin-babel@^0.1.7 || ^0.2.0
19 silly packumentCache full:https://registry.npmjs.org/@rolldown%2fplugin-babel cache-miss
20 http fetch GET 200 https://registry.npmjs.org/npm 1335ms
21 http fetch GET 200 https://registry.npmjs.org/@rolldown%2fplugin-babel 107ms (cache miss)
22 silly packumentCache full:https://registry.npmjs.org/@rolldown%2fplugin-babel set size:undefined disposed:false
23 silly fetch manifest @babel/core@^7.29.0 || ^8.0.0-rc.1
24 silly packumentCache full:https://registry.npmjs.org/@babel%2fcore cache-miss
25 http fetch GET 200 https://registry.npmjs.org/@babel%2fcore 79ms (cache miss)
26 silly packumentCache full:https://registry.npmjs.org/@babel%2fcore set size:undefined disposed:false
27 silly fetch manifest @babel/plugin-transform-runtime@^7.29.0 || ^8.0.0-rc.1
28 silly packumentCache full:https://registry.npmjs.org/@babel%2fplugin-transform-runtime cache-miss
29 http fetch GET 200 https://registry.npmjs.org/@babel%2fplugin-transform-runtime 93ms (cache miss)
30 silly packumentCache full:https://registry.npmjs.org/@babel%2fplugin-transform-runtime set size:undefined disposed:false
31 silly fetch manifest @babel/runtime@^7.27.0 || ^8.0.0-rc.1
32 silly packumentCache full:https://registry.npmjs.org/@babel%2fruntime cache-miss
33 http fetch GET 200 https://registry.npmjs.org/@babel%2fruntime 172ms (cache miss)
34 silly packumentCache full:https://registry.npmjs.org/@babel%2fruntime set size:undefined disposed:false
35 silly fetch manifest rolldown@^1.0.0-rc.5
36 silly packumentCache full:https://registry.npmjs.org/rolldown cache-miss
37 http fetch GET 200 https://registry.npmjs.org/rolldown 167ms (cache miss)
38 silly packumentCache full:https://registry.npmjs.org/rolldown set size:undefined disposed:false
39 silly fetch manifest vite@latest
40 silly packumentCache full:https://registry.npmjs.org/vite cache-miss
41 http fetch GET 200 https://registry.npmjs.org/vite 1377ms (cache miss)
42 silly packumentCache full:https://registry.npmjs.org/vite set size:undefined disposed:false
43 silly fetch manifest @types/node@^20.19.0 || >=22.12.0
44 silly packumentCache full:https://registry.npmjs.org/@types%2fnode cache-miss
45 http fetch GET 200 https://registry.npmjs.org/@types%2fnode 341ms (cache miss)
46 silly packumentCache full:https://registry.npmjs.org/@types%2fnode set size:undefined disposed:false
47 silly fetch manifest @vitejs/devtools@^0.7.1
48 silly packumentCache full:https://registry.npmjs.org/@vitejs%2fdevtools cache-miss
49 http fetch GET 200 https://registry.npmjs.org/@vitejs%2fdevtools 65ms (cache miss)
50 silly packumentCache full:https://registry.npmjs.org/@vitejs%2fdevtools set size:undefined disposed:false
51 silly fetch manifest @vitejs/devtools-oxc@^0.7.5
52 silly packumentCache full:https://registry.npmjs.org/@vitejs%2fdevtools-oxc cache-miss
53 http fetch GET 200 https://registry.npmjs.org/@vitejs%2fdevtools-oxc 77ms (cache miss)
54 silly packumentCache full:https://registry.npmjs.org/@vitejs%2fdevtools-oxc set size:undefined disposed:false
55 silly fetch manifest @vitejs/devtools-rolldown@^0.7.5
56 silly packumentCache full:https://registry.npmjs.org/@vitejs%2fdevtools-rolldown cache-miss
57 http fetch GET 200 https://registry.npmjs.org/@vitejs%2fdevtools-rolldown 62ms (cache miss)
58 silly packumentCache full:https://registry.npmjs.org/@vitejs%2fdevtools-rolldown set size:undefined disposed:false
59 silly fetch manifest @vitejs/devtools-vite@^0.7.5
60 silly packumentCache full:https://registry.npmjs.org/@vitejs%2fdevtools-vite cache-miss
61 http fetch GET 200 https://registry.npmjs.org/@vitejs%2fdevtools-vite 71ms (cache miss)
62 silly packumentCache full:https://registry.npmjs.org/@vitejs%2fdevtools-vite set size:undefined disposed:false
63 silly fetch manifest @vitejs/devtools-vitest@^0.7.5
64 silly packumentCache full:https://registry.npmjs.org/@vitejs%2fdevtools-vitest cache-miss
65 http fetch GET 200 https://registry.npmjs.org/@vitejs%2fdevtools-vitest 67ms (cache miss)
66 silly packumentCache full:https://registry.npmjs.org/@vitejs%2fdevtools-vitest set size:undefined disposed:false
67 silly fetch manifest vitest@*
68 silly packumentCache full:https://registry.npmjs.org/vitest cache-miss
69 http fetch GET 200 https://registry.npmjs.org/vitest 123ms (cache miss)
70 silly packumentCache full:https://registry.npmjs.org/vitest set size:undefined disposed:false
71 silly fetch manifest @edge-runtime/vm@*
72 silly packumentCache full:https://registry.npmjs.org/@edge-runtime%2fvm cache-miss
73 http fetch GET 200 https://registry.npmjs.org/@edge-runtime%2fvm 65ms (cache miss)
74 silly packumentCache full:https://registry.npmjs.org/@edge-runtime%2fvm set size:undefined disposed:false
75 silly fetch manifest @opentelemetry/api@^1.9.0
76 silly packumentCache full:https://registry.npmjs.org/@opentelemetry%2fapi cache-miss
77 http fetch GET 200 https://registry.npmjs.org/@opentelemetry%2fapi 80ms (cache miss)
78 silly packumentCache full:https://registry.npmjs.org/@opentelemetry%2fapi set size:undefined disposed:false
79 silly fetch manifest @vitest/browser-playwright@5.0.1
80 silly packumentCache full:https://registry.npmjs.org/@vitest%2fbrowser-playwright cache-miss
81 http fetch GET 200 https://registry.npmjs.org/@vitest%2fbrowser-playwright 58ms (cache miss)
82 silly packumentCache full:https://registry.npmjs.org/@vitest%2fbrowser-playwright set size:undefined disposed:false
83 silly fetch manifest playwright@*
84 silly packumentCache full:https://registry.npmjs.org/playwright cache-miss
85 http fetch GET 200 https://registry.npmjs.org/playwright 525ms (cache miss)
86 silly packumentCache full:https://registry.npmjs.org/playwright set size:undefined disposed:false
87 silly fetch manifest @vitest/browser-preview@5.0.1
88 silly packumentCache full:https://registry.npmjs.org/@vitest%2fbrowser-preview cache-miss
89 http fetch GET 200 https://registry.npmjs.org/@vitest%2fbrowser-preview 76ms (cache miss)
90 silly packumentCache full:https://registry.npmjs.org/@vitest%2fbrowser-preview set size:undefined disposed:false
91 silly fetch manifest @vitest/browser-webdriverio@^5.0.0-beta.5 || >=5.0.0
92 silly packumentCache full:https://registry.npmjs.org/@vitest%2fbrowser-webdriverio cache-miss
93 http fetch GET 200 https://registry.npmjs.org/@vitest%2fbrowser-webdriverio 77ms (cache miss)
94 silly packumentCache full:https://registry.npmjs.org/@vitest%2fbrowser-webdriverio set size:undefined disposed:false
95 silly fetch manifest webdriverio@*
96 silly packumentCache full:https://registry.npmjs.org/webdriverio cache-miss
97 http fetch GET 200 https://registry.npmjs.org/webdriverio 101ms (cache miss)
98 silly packumentCache full:https://registry.npmjs.org/webdriverio set size:undefined disposed:false
99 silly fetch manifest puppeteer-core@>=22.x <=24.x
100 silly packumentCache full:https://registry.npmjs.org/puppeteer-core cache-miss
101 http fetch GET 200 https://registry.npmjs.org/puppeteer-core 86ms (cache miss)
102 silly packumentCache full:https://registry.npmjs.org/puppeteer-core set size:undefined disposed:false
103 silly fetch manifest @vitest/coverage-istanbul@5.0.1
104 silly packumentCache full:https://registry.npmjs.org/@vitest%2fcoverage-istanbul cache-miss
105 http fetch GET 200 https://registry.npmjs.org/@vitest%2fcoverage-istanbul 73ms (cache miss)
106 silly packumentCache full:https://registry.npmjs.org/@vitest%2fcoverage-istanbul set size:undefined disposed:false
107 silly fetch manifest @vitest/coverage-v8@5.0.1
108 silly packumentCache full:https://registry.npmjs.org/@vitest%2fcoverage-v8 cache-miss
109 http fetch GET 200 https://registry.npmjs.org/@vitest%2fcoverage-v8 82ms (cache miss)
110 silly packumentCache full:https://registry.npmjs.org/@vitest%2fcoverage-v8 set size:undefined disposed:false
111 silly fetch manifest @vitest/browser@5.0.1
112 silly packumentCache full:https://registry.npmjs.org/@vitest%2fbrowser cache-miss
113 http fetch GET 200 https://registry.npmjs.org/@vitest%2fbrowser 75ms (cache miss)
114 silly packumentCache full:https://registry.npmjs.org/@vitest%2fbrowser set size:undefined disposed:false
115 silly fetch manifest @vitest/ui@5.0.1
116 silly packumentCache full:https://registry.npmjs.org/@vitest%2fui cache-miss
117 http fetch GET 200 https://registry.npmjs.org/@vitest%2fui 96ms (cache miss)
118 silly packumentCache full:https://registry.npmjs.org/@vitest%2fui set size:undefined disposed:false
119 silly fetch manifest happy-dom@*
120 silly packumentCache full:https://registry.npmjs.org/happy-dom cache-miss
121 http fetch GET 200 https://registry.npmjs.org/happy-dom 106ms (cache miss)
122 silly packumentCache full:https://registry.npmjs.org/happy-dom set size:undefined disposed:false
123 silly fetch manifest jsdom@*
124 silly packumentCache full:https://registry.npmjs.org/jsdom cache-miss
125 http fetch GET 200 https://registry.npmjs.org/jsdom 78ms (cache miss)
126 silly packumentCache full:https://registry.npmjs.org/jsdom set size:undefined disposed:false
127 silly fetch manifest canvas@^3.0.0
128 silly packumentCache full:https://registry.npmjs.org/canvas cache-miss
129 http fetch GET 200 https://registry.npmjs.org/canvas 49ms (cache miss)
130 silly packumentCache full:https://registry.npmjs.org/canvas set size:undefined disposed:false
131 silly fetch manifest esbuild@^0.27.0 || ^0.28.0
132 silly packumentCache full:https://registry.npmjs.org/esbuild cache-miss
133 http fetch GET 200 https://registry.npmjs.org/esbuild 108ms (cache miss)
134 silly packumentCache full:https://registry.npmjs.org/esbuild set size:undefined disposed:false
135 silly fetch manifest jiti@>=1.21.0
136 silly packumentCache full:https://registry.npmjs.org/jiti cache-miss
137 http fetch GET 200 https://registry.npmjs.org/jiti 52ms (cache miss)
138 silly packumentCache full:https://registry.npmjs.org/jiti set size:undefined disposed:false
139 silly fetch manifest less@^4.0.0
140 silly packumentCache full:https://registry.npmjs.org/less cache-miss
141 http fetch GET 200 https://registry.npmjs.org/less 67ms (cache miss)
142 silly packumentCache full:https://registry.npmjs.org/less set size:undefined disposed:false
143 silly fetch manifest sass@^1.70.0
144 silly packumentCache full:https://registry.npmjs.org/sass cache-miss
145 http fetch GET 200 https://registry.npmjs.org/sass 65ms (cache miss)
146 silly packumentCache full:https://registry.npmjs.org/sass set size:undefined disposed:false
147 silly fetch manifest sass-embedded@^1.70.0
148 silly packumentCache full:https://registry.npmjs.org/sass-embedded cache-miss
149 http fetch GET 200 https://registry.npmjs.org/sass-embedded 66ms (cache miss)
150 silly packumentCache full:https://registry.npmjs.org/sass-embedded set size:undefined disposed:false
151 silly fetch manifest stylus@>=0.54.8
152 silly packumentCache full:https://registry.npmjs.org/stylus cache-miss
153 http fetch GET 200 https://registry.npmjs.org/stylus 51ms (cache miss)
154 silly packumentCache full:https://registry.npmjs.org/stylus set size:undefined disposed:false
155 silly fetch manifest sugarss@^5.0.0
156 silly packumentCache full:https://registry.npmjs.org/sugarss cache-miss
157 http fetch GET 200 https://registry.npmjs.org/sugarss 55ms (cache miss)
158 silly packumentCache full:https://registry.npmjs.org/sugarss set size:undefined disposed:false
159 silly fetch manifest postcss@^8.3.3
160 silly packumentCache full:https://registry.npmjs.org/postcss cache-miss
161 http fetch GET 200 https://registry.npmjs.org/postcss 66ms (cache miss)
162 silly packumentCache full:https://registry.npmjs.org/postcss set size:undefined disposed:false
163 silly fetch manifest terser@^5.16.0
164 silly packumentCache full:https://registry.npmjs.org/terser cache-miss
165 http fetch GET 200 https://registry.npmjs.org/terser 84ms (cache miss)
166 silly packumentCache full:https://registry.npmjs.org/terser set size:undefined disposed:false
167 silly fetch manifest tsx@^4.8.1
168 silly packumentCache full:https://registry.npmjs.org/tsx cache-miss
169 http fetch GET 200 https://registry.npmjs.org/tsx 58ms (cache miss)
170 silly packumentCache full:https://registry.npmjs.org/tsx set size:undefined disposed:false
171 silly fetch manifest yaml@^2.4.2
172 silly packumentCache full:https://registry.npmjs.org/yaml cache-miss
173 http fetch GET 200 https://registry.npmjs.org/yaml 73ms (cache miss)
174 silly packumentCache full:https://registry.npmjs.org/yaml set size:undefined disposed:false
175 silly fetch manifest babel-plugin-react-compiler@^1.0.0
176 silly packumentCache full:https://registry.npmjs.org/babel-plugin-react-compiler cache-miss
177 http fetch GET 200 https://registry.npmjs.org/babel-plugin-react-compiler 68ms (cache miss)
178 silly packumentCache full:https://registry.npmjs.org/babel-plugin-react-compiler set size:undefined disposed:false
179 silly fetch manifest oxc-transform-react@^0.145.0
180 silly packumentCache full:https://registry.npmjs.org/oxc-transform-react cache-miss
181 http fetch GET 200 https://registry.npmjs.org/oxc-transform-react 56ms (cache miss)
182 silly packumentCache full:https://registry.npmjs.org/oxc-transform-react set size:undefined disposed:false
183 silly fetch manifest lucide-react@latest
184 silly packumentCache full:https://registry.npmjs.org/lucide-react cache-miss
185 http fetch GET 200 https://registry.npmjs.org/lucide-react 97ms (cache miss)
186 silly packumentCache full:https://registry.npmjs.org/lucide-react set size:undefined disposed:false
187 silly fetch manifest react@latest
188 silly packumentCache full:https://registry.npmjs.org/react cache-miss
189 http fetch GET 200 https://registry.npmjs.org/react 258ms (cache miss)
190 silly packumentCache full:https://registry.npmjs.org/react set size:undefined disposed:false
191 silly fetch manifest react-dom@latest
192 silly packumentCache full:https://registry.npmjs.org/react-dom cache-miss
193 http fetch GET 200 https://registry.npmjs.org/react-dom 198ms (cache miss)
194 silly packumentCache full:https://registry.npmjs.org/react-dom set size:undefined disposed:false
195 silly placeDep ROOT @vitejs/plugin-react@6.1.1 OK for: gym-admin@1.0.0 want: latest
196 silly placeDep ROOT vite@8.3.0 OK for: @vitejs/plugin-react@6.1.1 want: ^8.0.0
197 silly placeDep ROOT lucide-react@1.48.0 OK for: gym-admin@1.0.0 want: latest
198 silly placeDep ROOT react@19.3.0 OK for: lucide-react@1.48.0 want: ^16.5.1 || ^17.0.0 || ^18.0.0 || ^19.0.0
199 silly placeDep ROOT react-dom@19.3.0 OK for: gym-admin@1.0.0 want: latest
200 silly fetch manifest @rolldown/pluginutils@^1.0.1
201 silly packumentCache full:https://registry.npmjs.org/@rolldown%2fpluginutils cache-miss
202 silly fetch manifest postcss@^8.5.28
203 silly packumentCache full:https://registry.npmjs.org/postcss cache-miss
204 silly fetch manifest rolldown@~1.2.6
205 silly packumentCache full:https://registry.npmjs.org/rolldown cache-miss
206 silly fetch manifest picomatch@^4.0.7
207 silly packumentCache full:https://registry.npmjs.org/picomatch cache-miss
208 silly fetch manifest tinyglobby@^0.2.17
209 silly packumentCache full:https://registry.npmjs.org/tinyglobby cache-miss
210 silly fetch manifest lightningcss@^1.33.0
211 silly packumentCache full:https://registry.npmjs.org/lightningcss cache-miss
212 silly fetch manifest fsevents@~2.3.3
213 silly packumentCache full:https://registry.npmjs.org/fsevents cache-miss
214 silly fetch manifest scheduler@^0.28.0
215 silly packumentCache full:https://registry.npmjs.org/scheduler cache-miss
216 http cache https://registry.npmjs.org/postcss 41ms (cache hit)
217 silly packumentCache full:https://registry.npmjs.org/postcss set size:766699 disposed:false
218 http cache https://registry.npmjs.org/rolldown 52ms (cache hit)
219 silly packumentCache full:https://registry.npmjs.org/rolldown set size:3828213 disposed:false
220 http fetch GET 200 https://registry.npmjs.org/picomatch 87ms (cache miss)
221 silly packumentCache full:https://registry.npmjs.org/picomatch set size:undefined disposed:false
222 http fetch GET 200 https://registry.npmjs.org/@rolldown%2fpluginutils 93ms (cache miss)
223 silly packumentCache full:https://registry.npmjs.org/@rolldown%2fpluginutils set size:undefined disposed:false
224 http fetch GET 200 https://registry.npmjs.org/fsevents 149ms (cache miss)
225 silly packumentCache full:https://registry.npmjs.org/fsevents set size:undefined disposed:false
226 http fetch GET 200 https://registry.npmjs.org/tinyglobby 154ms (cache miss)
227 silly packumentCache full:https://registry.npmjs.org/tinyglobby set size:undefined disposed:false
228 http fetch GET 200 https://registry.npmjs.org/lightningcss 158ms (cache miss)
229 silly packumentCache full:https://registry.npmjs.org/lightningcss set size:undefined disposed:false
230 http fetch GET 200 https://registry.npmjs.org/scheduler 431ms (cache miss)
231 silly packumentCache full:https://registry.npmjs.org/scheduler set size:undefined disposed:false
232 silly placeDep ROOT @rolldown/pluginutils@1.0.1 OK for: @vitejs/plugin-react@6.1.1 want: ^1.0.1
233 silly placeDep ROOT scheduler@0.28.0 OK for: react-dom@19.3.0 want: ^0.28.0
234 silly placeDep ROOT fsevents@2.3.3 OK for: vite@8.3.0 want: ~2.3.3
235 silly placeDep ROOT lightningcss@1.33.0 OK for: vite@8.3.0 want: ^1.33.0
236 silly placeDep ROOT picomatch@4.0.7 OK for: vite@8.3.0 want: ^4.0.7
237 silly placeDep ROOT postcss@8.5.28 OK for: vite@8.3.0 want: ^8.5.28
238 silly placeDep ROOT rolldown@1.2.10 OK for: vite@8.3.0 want: ~1.2.6
239 silly placeDep ROOT tinyglobby@0.2.17 OK for: vite@8.3.0 want: ^0.2.17
240 silly fetch manifest detect-libc@^2.0.3
241 silly packumentCache full:https://registry.npmjs.org/detect-libc cache-miss
242 silly fetch manifest lightningcss-darwin-x64@1.33.0
243 silly packumentCache full:https://registry.npmjs.org/lightningcss-darwin-x64 cache-miss
244 silly fetch manifest lightningcss-linux-x64-gnu@1.33.0
245 silly packumentCache full:https://registry.npmjs.org/lightningcss-linux-x64-gnu cache-miss
246 silly fetch manifest lightningcss-win32-x64-msvc@1.33.0
247 silly packumentCache full:https://registry.npmjs.org/lightningcss-win32-x64-msvc cache-miss
248 silly fetch manifest lightningcss-win32-arm64-msvc@1.33.0
249 silly packumentCache full:https://registry.npmjs.org/lightningcss-win32-arm64-msvc cache-miss
250 silly fetch manifest lightningcss-darwin-arm64@1.33.0
251 silly packumentCache full:https://registry.npmjs.org/lightningcss-darwin-arm64 cache-miss
252 silly fetch manifest lightningcss-linux-arm64-gnu@1.33.0
253 silly packumentCache full:https://registry.npmjs.org/lightningcss-linux-arm64-gnu cache-miss
254 silly fetch manifest lightningcss-linux-arm-gnueabihf@1.33.0
255 silly packumentCache full:https://registry.npmjs.org/lightningcss-linux-arm-gnueabihf cache-miss
256 silly fetch manifest lightningcss-linux-arm64-musl@1.33.0
257 silly packumentCache full:https://registry.npmjs.org/lightningcss-linux-arm64-musl cache-miss
258 silly fetch manifest lightningcss-linux-x64-musl@1.33.0
259 silly packumentCache full:https://registry.npmjs.org/lightningcss-linux-x64-musl cache-miss
260 silly fetch manifest lightningcss-freebsd-x64@1.33.0
261 silly packumentCache full:https://registry.npmjs.org/lightningcss-freebsd-x64 cache-miss
262 http fetch GET 200 https://registry.npmjs.org/detect-libc 48ms (cache miss)
263 silly packumentCache full:https://registry.npmjs.org/detect-libc set size:undefined disposed:false
264 silly fetch manifest lightningcss-android-arm64@1.33.0
265 silly packumentCache full:https://registry.npmjs.org/lightningcss-android-arm64 cache-miss
266 http fetch GET 200 https://registry.npmjs.org/lightningcss-win32-x64-msvc 67ms (cache miss)
267 silly packumentCache full:https://registry.npmjs.org/lightningcss-win32-x64-msvc set size:undefined disposed:false
268 silly fetch manifest nanoid@^3.3.18
269 silly packumentCache full:https://registry.npmjs.org/nanoid cache-miss
270 http fetch GET 200 https://registry.npmjs.org/lightningcss-linux-x64-gnu 71ms (cache miss)
271 silly packumentCache full:https://registry.npmjs.org/lightningcss-linux-x64-gnu set size:undefined disposed:false
272 silly fetch manifest picocolors@^1.1.1
273 silly packumentCache full:https://registry.npmjs.org/picocolors cache-miss
274 http fetch GET 200 https://registry.npmjs.org/lightningcss-win32-arm64-msvc 75ms (cache miss)
275 silly packumentCache full:https://registry.npmjs.org/lightningcss-win32-arm64-msvc set size:undefined disposed:false
276 silly fetch manifest source-map-js@^1.2.1
277 silly packumentCache full:https://registry.npmjs.org/source-map-js cache-miss
278 http fetch GET 200 https://registry.npmjs.org/lightningcss-darwin-arm64 77ms (cache miss)
279 silly packumentCache full:https://registry.npmjs.org/lightningcss-darwin-arm64 set size:undefined disposed:false
280 silly fetch manifest @oxc-project/types@=0.151.0
281 silly packumentCache full:https://registry.npmjs.org/@oxc-project%2ftypes cache-miss
282 http fetch GET 200 https://registry.npmjs.org/lightningcss-darwin-x64 78ms (cache miss)
283 silly packumentCache full:https://registry.npmjs.org/lightningcss-darwin-x64 set size:undefined disposed:false
284 silly fetch manifest @rolldown/binding-darwin-x64@1.2.10
285 silly packumentCache full:https://registry.npmjs.org/@rolldown%2fbinding-darwin-x64 cache-miss
286 http fetch GET 200 https://registry.npmjs.org/lightningcss-android-arm64 49ms (cache miss)
287 silly packumentCache full:https://registry.npmjs.org/lightningcss-android-arm64 set size:undefined disposed:false
288 silly fetch manifest @rolldown/binding-freebsd-x64@1.2.10
289 silly packumentCache full:https://registry.npmjs.org/@rolldown%2fbinding-freebsd-x64 cache-miss
290 http fetch GET 200 https://registry.npmjs.org/picocolors 41ms (cache miss)
291 silly packumentCache full:https://registry.npmjs.org/picocolors set size:undefined disposed:false
292 silly fetch manifest @rolldown/binding-darwin-arm64@1.2.10
293 silly packumentCache full:https://registry.npmjs.org/@rolldown%2fbinding-darwin-arm64 cache-miss
294 http fetch GET 200 https://registry.npmjs.org/lightningcss-linux-x64-musl 125ms (cache miss)
295 silly packumentCache full:https://registry.npmjs.org/lightningcss-linux-x64-musl set size:undefined disposed:false
296 silly fetch manifest @rolldown/binding-android-arm64@1.2.10
297 silly packumentCache full:https://registry.npmjs.org/@rolldown%2fbinding-android-arm64 cache-miss
298 http fetch GET 200 https://registry.npmjs.org/lightningcss-linux-arm-gnueabihf 131ms (cache miss)
299 silly packumentCache full:https://registry.npmjs.org/lightningcss-linux-arm-gnueabihf set size:undefined disposed:false
300 silly fetch manifest @rolldown/binding-linux-x64-gnu@1.2.10
301 silly packumentCache full:https://registry.npmjs.org/@rolldown%2fbinding-linux-x64-gnu cache-miss
302 http fetch GET 200 https://registry.npmjs.org/source-map-js 58ms (cache miss)
303 silly packumentCache full:https://registry.npmjs.org/source-map-js set size:undefined disposed:false
304 silly fetch manifest @rolldown/binding-linux-x64-musl@1.2.10
305 silly packumentCache full:https://registry.npmjs.org/@rolldown%2fbinding-linux-x64-musl cache-miss
306 http fetch GET 200 https://registry.npmjs.org/lightningcss-linux-arm64-gnu 139ms (cache miss)
307 silly packumentCache full:https://registry.npmjs.org/lightningcss-linux-arm64-gnu set size:undefined disposed:false
308 silly fetch manifest @rolldown/binding-win32-x64-msvc@1.2.10
309 silly packumentCache full:https://registry.npmjs.org/@rolldown%2fbinding-win32-x64-msvc cache-miss
310 http fetch GET 200 https://registry.npmjs.org/lightningcss-freebsd-x64 144ms (cache miss)
311 silly packumentCache full:https://registry.npmjs.org/lightningcss-freebsd-x64 set size:undefined disposed:false
312 silly fetch manifest @rolldown/binding-linux-arm64-gnu@1.2.10
313 silly packumentCache full:https://registry.npmjs.org/@rolldown%2fbinding-linux-arm64-gnu cache-miss
314 http fetch GET 200 https://registry.npmjs.org/nanoid 77ms (cache miss)
315 silly packumentCache full:https://registry.npmjs.org/nanoid set size:undefined disposed:false
316 silly fetch manifest @rolldown/binding-linux-ppc64-gnu@1.2.10
317 silly packumentCache full:https://registry.npmjs.org/@rolldown%2fbinding-linux-ppc64-gnu cache-miss
318 http fetch GET 200 https://registry.npmjs.org/lightningcss-linux-arm64-musl 154ms (cache miss)
319 silly packumentCache full:https://registry.npmjs.org/lightningcss-linux-arm64-musl set size:undefined disposed:false
320 silly fetch manifest @rolldown/binding-linux-s390x-gnu@1.2.10
321 silly packumentCache full:https://registry.npmjs.org/@rolldown%2fbinding-linux-s390x-gnu cache-miss
322 http fetch GET 200 https://registry.npmjs.org/@oxc-project%2ftypes 83ms (cache miss)
323 silly packumentCache full:https://registry.npmjs.org/@oxc-project%2ftypes set size:undefined disposed:false
324 silly fetch manifest @rolldown/binding-android-arm-eabi@1.2.10
325 silly packumentCache full:https://registry.npmjs.org/@rolldown%2fbinding-android-arm-eabi cache-miss
326 http fetch GET 200 https://registry.npmjs.org/@rolldown%2fbinding-freebsd-x64 80ms (cache miss)
327 silly packumentCache full:https://registry.npmjs.org/@rolldown%2fbinding-freebsd-x64 set size:undefined disposed:false
328 silly fetch manifest @rolldown/binding-linux-arm64-musl@1.2.10
329 silly packumentCache full:https://registry.npmjs.org/@rolldown%2fbinding-linux-arm64-musl cache-miss
330 http fetch GET 200 https://registry.npmjs.org/@rolldown%2fbinding-android-arm64 69ms (cache miss)
331 silly packumentCache full:https://registry.npmjs.org/@rolldown%2fbinding-android-arm64 set size:undefined disposed:false
332 silly fetch manifest @rolldown/binding-win32-arm64-msvc@1.2.10
333 silly packumentCache full:https://registry.npmjs.org/@rolldown%2fbinding-win32-arm64-msvc cache-miss
334 http fetch GET 200 https://registry.npmjs.org/@rolldown%2fbinding-android-arm-eabi 70ms (cache miss)
335 silly packumentCache full:https://registry.npmjs.org/@rolldown%2fbinding-android-arm-eabi set size:undefined disposed:false
336 silly fetch manifest @rolldown/binding-openharmony-arm64@1.2.10
337 silly packumentCache full:https://registry.npmjs.org/@rolldown%2fbinding-openharmony-arm64 cache-miss
338 http fetch GET 200 https://registry.npmjs.org/@rolldown%2fbinding-linux-ppc64-gnu 83ms (cache miss)
339 silly packumentCache full:https://registry.npmjs.org/@rolldown%2fbinding-linux-ppc64-gnu set size:undefined disposed:false
340 silly fetch manifest @rolldown/binding-linux-arm-gnueabihf@1.2.10
341 silly packumentCache full:https://registry.npmjs.org/@rolldown%2fbinding-linux-arm-gnueabihf cache-miss
342 http fetch GET 200 https://registry.npmjs.org/@rolldown%2fbinding-linux-s390x-gnu 100ms (cache miss)
343 silly packumentCache full:https://registry.npmjs.org/@rolldown%2fbinding-linux-s390x-gnu set size:undefined disposed:false
344 silly fetch manifest fdir@^6.5.0
345 silly packumentCache full:https://registry.npmjs.org/fdir cache-miss
346 http fetch GET 200 https://registry.npmjs.org/@rolldown%2fbinding-darwin-arm64 146ms (cache miss)
347 silly packumentCache full:https://registry.npmjs.org/@rolldown%2fbinding-darwin-arm64 set size:undefined disposed:false
348 http fetch GET 200 https://registry.npmjs.org/@rolldown%2fbinding-linux-x64-gnu 134ms (cache miss)
349 silly packumentCache full:https://registry.npmjs.org/@rolldown%2fbinding-linux-x64-gnu set size:undefined disposed:false
350 http fetch GET 200 https://registry.npmjs.org/@rolldown%2fbinding-linux-x64-musl 157ms (cache miss)
351 silly packumentCache full:https://registry.npmjs.org/@rolldown%2fbinding-linux-x64-musl set size:undefined disposed:false
352 http fetch GET 200 https://registry.npmjs.org/@rolldown%2fbinding-openharmony-arm64 83ms (cache miss)
353 silly packumentCache full:https://registry.npmjs.org/@rolldown%2fbinding-openharmony-arm64 set size:undefined disposed:false
354 http fetch GET 200 https://registry.npmjs.org/@rolldown%2fbinding-linux-arm64-gnu 176ms (cache miss)
355 silly packumentCache full:https://registry.npmjs.org/@rolldown%2fbinding-linux-arm64-gnu set size:undefined disposed:false
356 http fetch GET 200 https://registry.npmjs.org/fdir 71ms (cache miss)
357 silly packumentCache full:https://registry.npmjs.org/fdir set size:undefined disposed:false
358 http fetch GET 200 https://registry.npmjs.org/@rolldown%2fbinding-win32-x64-msvc 189ms (cache miss)
359 silly packumentCache full:https://registry.npmjs.org/@rolldown%2fbinding-win32-x64-msvc set size:undefined disposed:false
360 http fetch GET 200 https://registry.npmjs.org/@rolldown%2fbinding-win32-arm64-msvc 143ms (cache miss)
361 silly packumentCache full:https://registry.npmjs.org/@rolldown%2fbinding-win32-arm64-msvc set size:undefined disposed:false
362 http fetch GET 200 https://registry.npmjs.org/@rolldown%2fbinding-linux-arm-gnueabihf 131ms (cache miss)
363 silly packumentCache full:https://registry.npmjs.org/@rolldown%2fbinding-linux-arm-gnueabihf set size:undefined disposed:false
364 http fetch GET 200 https://registry.npmjs.org/@rolldown%2fbinding-darwin-x64 305ms (cache miss)
365 silly packumentCache full:https://registry.npmjs.org/@rolldown%2fbinding-darwin-x64 set size:undefined disposed:false
366 http fetch GET 200 https://registry.npmjs.org/@rolldown%2fbinding-linux-arm64-musl 291ms (cache miss)
367 silly packumentCache full:https://registry.npmjs.org/@rolldown%2fbinding-linux-arm64-musl set size:undefined disposed:false
368 silly placeDep ROOT detect-libc@2.1.2 OK for: lightningcss@1.33.0 want: ^2.0.3
369 silly placeDep ROOT lightningcss-android-arm64@1.33.0 OK for: lightningcss@1.33.0 want: 1.33.0
370 silly placeDep ROOT lightningcss-darwin-arm64@1.33.0 OK for: lightningcss@1.33.0 want: 1.33.0
371 silly placeDep ROOT lightningcss-darwin-x64@1.33.0 OK for: lightningcss@1.33.0 want: 1.33.0
372 silly placeDep ROOT lightningcss-freebsd-x64@1.33.0 OK for: lightningcss@1.33.0 want: 1.33.0
373 silly placeDep ROOT lightningcss-linux-arm-gnueabihf@1.33.0 OK for: lightningcss@1.33.0 want: 1.33.0
374 silly placeDep ROOT lightningcss-linux-arm64-gnu@1.33.0 OK for: lightningcss@1.33.0 want: 1.33.0
375 silly placeDep ROOT lightningcss-linux-arm64-musl@1.33.0 OK for: lightningcss@1.33.0 want: 1.33.0
376 silly placeDep ROOT lightningcss-linux-x64-gnu@1.33.0 OK for: lightningcss@1.33.0 want: 1.33.0
377 silly placeDep ROOT lightningcss-linux-x64-musl@1.33.0 OK for: lightningcss@1.33.0 want: 1.33.0
378 silly placeDep ROOT lightningcss-win32-arm64-msvc@1.33.0 OK for: lightningcss@1.33.0 want: 1.33.0
379 silly placeDep ROOT lightningcss-win32-x64-msvc@1.33.0 OK for: lightningcss@1.33.0 want: 1.33.0
380 silly placeDep ROOT nanoid@3.3.19 OK for: postcss@8.5.28 want: ^3.3.18
381 silly placeDep ROOT picocolors@1.1.1 OK for: postcss@8.5.28 want: ^1.1.1
382 silly placeDep ROOT source-map-js@1.2.1 OK for: postcss@8.5.28 want: ^1.2.1
383 silly placeDep ROOT @oxc-project/types@0.151.0 OK for: rolldown@1.2.10 want: =0.151.0
384 silly placeDep ROOT @rolldown/binding-android-arm-eabi@1.2.10 OK for: rolldown@1.2.10 want: 1.2.10
385 silly placeDep ROOT @rolldown/binding-android-arm64@1.2.10 OK for: rolldown@1.2.10 want: 1.2.10
386 silly placeDep ROOT @rolldown/binding-darwin-arm64@1.2.10 OK for: rolldown@1.2.10 want: 1.2.10
387 silly placeDep ROOT @rolldown/binding-darwin-x64@1.2.10 OK for: rolldown@1.2.10 want: 1.2.10
388 silly placeDep ROOT @rolldown/binding-freebsd-x64@1.2.10 OK for: rolldown@1.2.10 want: 1.2.10
389 silly placeDep ROOT @rolldown/binding-linux-arm-gnueabihf@1.2.10 OK for: rolldown@1.2.10 want: 1.2.10
390 silly placeDep ROOT @rolldown/binding-linux-arm64-gnu@1.2.10 OK for: rolldown@1.2.10 want: 1.2.10
391 silly placeDep ROOT @rolldown/binding-linux-arm64-musl@1.2.10 OK for: rolldown@1.2.10 want: 1.2.10
392 silly placeDep ROOT @rolldown/binding-linux-ppc64-gnu@1.2.10 OK for: rolldown@1.2.10 want: 1.2.10
393 silly placeDep ROOT @rolldown/binding-linux-s390x-gnu@1.2.10 OK for: rolldown@1.2.10 want: 1.2.10
394 silly placeDep ROOT @rolldown/binding-linux-x64-gnu@1.2.10 OK for: rolldown@1.2.10 want: 1.2.10
395 silly placeDep ROOT @rolldown/binding-linux-x64-musl@1.2.10 OK for: rolldown@1.2.10 want: 1.2.10
396 silly placeDep ROOT @rolldown/binding-openharmony-arm64@1.2.10 OK for: rolldown@1.2.10 want: 1.2.10
397 silly placeDep ROOT @rolldown/binding-win32-arm64-msvc@1.2.10 OK for: rolldown@1.2.10 want: 1.2.10
398 silly placeDep ROOT @rolldown/binding-win32-x64-msvc@1.2.10 OK for: rolldown@1.2.10 want: 1.2.10
399 silly fetch manifest picomatch@^4.0.4
400 silly packumentCache full:https://registry.npmjs.org/picomatch cache-miss
401 http cache https://registry.npmjs.org/picomatch 7ms (cache hit)
402 silly packumentCache full:https://registry.npmjs.org/picomatch set size:134451 disposed:false
403 silly placeDep ROOT fdir@6.5.0 OK for: tinyglobby@0.2.17 want: ^6.5.0
404 silly reify moves {}
405 silly audit bulk request {
405 silly audit   '@vitejs/plugin-react': [ '6.1.1' ],
405 silly audit   vite: [ '8.3.0' ],
405 silly audit   'lucide-react': [ '1.48.0' ],
405 silly audit   react: [ '19.3.0' ],
405 silly audit   'react-dom': [ '19.3.0' ],
405 silly audit   '@rolldown/pluginutils': [ '1.0.1' ],
405 silly audit   scheduler: [ '0.28.0' ],
405 silly audit   fsevents: [ '2.3.3' ],
405 silly audit   lightningcss: [ '1.33.0' ],
405 silly audit   picomatch: [ '4.0.7' ],
405 silly audit   postcss: [ '8.5.28' ],
405 silly audit   rolldown: [ '1.2.10' ],
405 silly audit   tinyglobby: [ '0.2.17' ],
405 silly audit   'detect-libc': [ '2.1.2' ],
405 silly audit   'lightningcss-android-arm64': [ '1.33.0' ],
405 silly audit   'lightningcss-darwin-arm64': [ '1.33.0' ],
405 silly audit   'lightningcss-darwin-x64': [ '1.33.0' ],
405 silly audit   'lightningcss-freebsd-x64': [ '1.33.0' ],
405 silly audit   'lightningcss-linux-arm-gnueabihf': [ '1.33.0' ],
405 silly audit   'lightningcss-linux-arm64-gnu': [ '1.33.0' ],
405 silly audit   'lightningcss-linux-arm64-musl': [ '1.33.0' ],
405 silly audit   'lightningcss-linux-x64-gnu': [ '1.33.0' ],
405 silly audit   'lightningcss-linux-x64-musl': [ '1.33.0' ],
405 silly audit   'lightningcss-win32-arm64-msvc': [ '1.33.0' ],
405 silly audit   'lightningcss-win32-x64-msvc': [ '1.33.0' ],
405 silly audit   nanoid: [ '3.3.19' ],
405 silly audit   picocolors: [ '1.1.1' ],
405 silly audit   'source-map-js': [ '1.2.1' ],
405 silly audit   '@oxc-project/types': [ '0.151.0' ],
405 silly audit   '@rolldown/binding-android-arm-eabi': [ '1.2.10' ],
405 silly audit   '@rolldown/binding-android-arm64': [ '1.2.10' ],
405 silly audit   '@rolldown/binding-darwin-arm64': [ '1.2.10' ],
405 silly audit   '@rolldown/binding-darwin-x64': [ '1.2.10' ],
405 silly audit   '@rolldown/binding-freebsd-x64': [ '1.2.10' ],
405 silly audit   '@rolldown/binding-linux-arm-gnueabihf': [ '1.2.10' ],
405 silly audit   '@rolldown/binding-linux-arm64-gnu': [ '1.2.10' ],
405 silly audit   '@rolldown/binding-linux-arm64-musl': [ '1.2.10' ],
405 silly audit   '@rolldown/binding-linux-ppc64-gnu': [ '1.2.10' ],
405 silly audit   '@rolldown/binding-linux-s390x-gnu': [ '1.2.10' ],
405 silly audit   '@rolldown/binding-linux-x64-gnu': [ '1.2.10' ],
405 silly audit   '@rolldown/binding-linux-x64-musl': [ '1.2.10' ],
405 silly audit   '@rolldown/binding-openharmony-arm64': [ '1.2.10' ],
405 silly audit   '@rolldown/binding-win32-arm64-msvc': [ '1.2.10' ],
405 silly audit   '@rolldown/binding-win32-x64-msvc': [ '1.2.10' ],
405 silly audit   fdir: [ '6.5.0' ]
405 silly audit }
406 verbose reify failed optional dependency D:\download\gym-admin\node_modules\@rolldown\binding-win32-arm64-msvc
407 silly reify mark deleted [
407 silly reify   'D:\\download\\gym-admin\\node_modules\\@rolldown\\binding-win32-arm64-msvc'
407 silly reify ]
408 verbose reify failed optional dependency D:\download\gym-admin\node_modules\@rolldown\binding-openharmony-arm64
409 silly reify mark deleted [
409 silly reify   'D:\\download\\gym-admin\\node_modules\\@rolldown\\binding-openharmony-arm64'
409 silly reify ]
410 verbose reify failed optional dependency D:\download\gym-admin\node_modules\@rolldown\binding-linux-x64-musl
411 silly reify mark deleted [
411 silly reify   'D:\\download\\gym-admin\\node_modules\\@rolldown\\binding-linux-x64-musl'
411 silly reify ]
412 verbose reify failed optional dependency D:\download\gym-admin\node_modules\@rolldown\binding-linux-x64-gnu
413 silly reify mark deleted [
413 silly reify   'D:\\download\\gym-admin\\node_modules\\@rolldown\\binding-linux-x64-gnu'
413 silly reify ]
414 verbose reify failed optional dependency D:\download\gym-admin\node_modules\@rolldown\binding-linux-s390x-gnu
415 silly reify mark deleted [
415 silly reify   'D:\\download\\gym-admin\\node_modules\\@rolldown\\binding-linux-s390x-gnu'
415 silly reify ]
416 verbose reify failed optional dependency D:\download\gym-admin\node_modules\@rolldown\binding-linux-ppc64-gnu
417 silly reify mark deleted [
417 silly reify   'D:\\download\\gym-admin\\node_modules\\@rolldown\\binding-linux-ppc64-gnu'
417 silly reify ]
418 verbose reify failed optional dependency D:\download\gym-admin\node_modules\@rolldown\binding-linux-arm64-musl
419 silly reify mark deleted [
419 silly reify   'D:\\download\\gym-admin\\node_modules\\@rolldown\\binding-linux-arm64-musl'
419 silly reify ]
420 verbose reify failed optional dependency D:\download\gym-admin\node_modules\@rolldown\binding-linux-arm64-gnu
421 silly reify mark deleted [
421 silly reify   'D:\\download\\gym-admin\\node_modules\\@rolldown\\binding-linux-arm64-gnu'
421 silly reify ]
422 verbose reify failed optional dependency D:\download\gym-admin\node_modules\@rolldown\binding-linux-arm-gnueabihf
423 silly reify mark deleted [
423 silly reify   'D:\\download\\gym-admin\\node_modules\\@rolldown\\binding-linux-arm-gnueabihf'
423 silly reify ]
424 verbose reify failed optional dependency D:\download\gym-admin\node_modules\@rolldown\binding-freebsd-x64
425 silly reify mark deleted [
425 silly reify   'D:\\download\\gym-admin\\node_modules\\@rolldown\\binding-freebsd-x64'
425 silly reify ]
426 verbose reify failed optional dependency D:\download\gym-admin\node_modules\@rolldown\binding-darwin-x64
427 silly reify mark deleted [
427 silly reify   'D:\\download\\gym-admin\\node_modules\\@rolldown\\binding-darwin-x64'
427 silly reify ]
428 verbose reify failed optional dependency D:\download\gym-admin\node_modules\@rolldown\binding-darwin-arm64
429 silly reify mark deleted [
429 silly reify   'D:\\download\\gym-admin\\node_modules\\@rolldown\\binding-darwin-arm64'
429 silly reify ]
430 verbose reify failed optional dependency D:\download\gym-admin\node_modules\@rolldown\binding-android-arm64
431 silly reify mark deleted [
431 silly reify   'D:\\download\\gym-admin\\node_modules\\@rolldown\\binding-android-arm64'
431 silly reify ]
432 verbose reify failed optional dependency D:\download\gym-admin\node_modules\@rolldown\binding-android-arm-eabi
433 silly reify mark deleted [
433 silly reify   'D:\\download\\gym-admin\\node_modules\\@rolldown\\binding-android-arm-eabi'
433 silly reify ]
434 verbose reify failed optional dependency D:\download\gym-admin\node_modules\lightningcss-win32-arm64-msvc
435 silly reify mark deleted [
435 silly reify   'D:\\download\\gym-admin\\node_modules\\lightningcss-win32-arm64-msvc'
435 silly reify ]
436 verbose reify failed optional dependency D:\download\gym-admin\node_modules\lightningcss-linux-x64-musl
437 silly reify mark deleted [
437 silly reify   'D:\\download\\gym-admin\\node_modules\\lightningcss-linux-x64-musl'
437 silly reify ]
438 verbose reify failed optional dependency D:\download\gym-admin\node_modules\lightningcss-linux-x64-gnu
439 silly reify mark deleted [ 'D:\\download\\gym-admin\\node_modules\\lightningcss-linux-x64-gnu' ]
440 verbose reify failed optional dependency D:\download\gym-admin\node_modules\lightningcss-linux-arm64-musl
441 silly reify mark deleted [
441 silly reify   'D:\\download\\gym-admin\\node_modules\\lightningcss-linux-arm64-musl'
441 silly reify ]
442 verbose reify failed optional dependency D:\download\gym-admin\node_modules\lightningcss-linux-arm64-gnu
443 silly reify mark deleted [
443 silly reify   'D:\\download\\gym-admin\\node_modules\\lightningcss-linux-arm64-gnu'
443 silly reify ]
444 verbose reify failed optional dependency D:\download\gym-admin\node_modules\lightningcss-linux-arm-gnueabihf
445 silly reify mark deleted [
445 silly reify   'D:\\download\\gym-admin\\node_modules\\lightningcss-linux-arm-gnueabihf'
445 silly reify ]
446 verbose reify failed optional dependency D:\download\gym-admin\node_modules\lightningcss-freebsd-x64
447 silly reify mark deleted [ 'D:\\download\\gym-admin\\node_modules\\lightningcss-freebsd-x64' ]
448 verbose reify failed optional dependency D:\download\gym-admin\node_modules\lightningcss-darwin-x64
449 silly reify mark deleted [ 'D:\\download\\gym-admin\\node_modules\\lightningcss-darwin-x64' ]
450 verbose reify failed optional dependency D:\download\gym-admin\node_modules\lightningcss-darwin-arm64
451 silly reify mark deleted [ 'D:\\download\\gym-admin\\node_modules\\lightningcss-darwin-arm64' ]
452 verbose reify failed optional dependency D:\download\gym-admin\node_modules\lightningcss-android-arm64
453 silly reify mark deleted [ 'D:\\download\\gym-admin\\node_modules\\lightningcss-android-arm64' ]
454 verbose reify failed optional dependency D:\download\gym-admin\node_modules\fsevents
455 silly reify mark deleted [ 'D:\\download\\gym-admin\\node_modules\\fsevents' ]
456 http cache @rolldown/binding-win32-x64-msvc@https://registry.npmjs.org/@rolldown/binding-win32-x64-msvc/-/binding-win32-x64-msvc-1.2.10.tgz 0ms (cache hit)
457 http cache @oxc-project/types@https://registry.npmjs.org/@oxc-project/types/-/types-0.151.0.tgz 0ms (cache hit)
458 http cache fdir@https://registry.npmjs.org/fdir/-/fdir-6.5.0.tgz 0ms (cache hit)
459 http cache picocolors@https://registry.npmjs.org/picocolors/-/picocolors-1.1.1.tgz 0ms (cache hit)
460 http cache detect-libc@https://registry.npmjs.org/detect-libc/-/detect-libc-2.1.2.tgz 0ms (cache hit)
461 http cache nanoid@https://registry.npmjs.org/nanoid/-/nanoid-3.3.19.tgz 0ms (cache hit)
462 http cache lightningcss-win32-x64-msvc@https://registry.npmjs.org/lightningcss-win32-x64-msvc/-/lightningcss-win32-x64-msvc-1.33.0.tgz 0ms (cache hit)
463 http cache source-map-js@https://registry.npmjs.org/source-map-js/-/source-map-js-1.2.1.tgz 0ms (cache hit)
464 http cache tinyglobby@https://registry.npmjs.org/tinyglobby/-/tinyglobby-0.2.17.tgz 0ms (cache hit)
465 http cache rolldown@https://registry.npmjs.org/rolldown/-/rolldown-1.2.10.tgz 0ms (cache hit)
466 http cache postcss@https://registry.npmjs.org/postcss/-/postcss-8.5.28.tgz 0ms (cache hit)
467 http cache picomatch@https://registry.npmjs.org/picomatch/-/picomatch-4.0.7.tgz 0ms (cache hit)
468 http cache @rolldown/pluginutils@https://registry.npmjs.org/@rolldown/pluginutils/-/pluginutils-1.0.1.tgz 0ms (cache hit)
469 http cache scheduler@https://registry.npmjs.org/scheduler/-/scheduler-0.28.0.tgz 0ms (cache hit)
470 http cache lightningcss@https://registry.npmjs.org/lightningcss/-/lightningcss-1.33.0.tgz 0ms (cache hit)
471 http cache react@https://registry.npmjs.org/react/-/react-19.3.0.tgz 0ms (cache hit)
472 http cache vite@https://registry.npmjs.org/vite/-/vite-8.3.0.tgz 0ms (cache hit)
473 http cache @vitejs/plugin-react@https://registry.npmjs.org/@vitejs/plugin-react/-/plugin-react-6.1.1.tgz 0ms (cache hit)
474 http cache react-dom@https://registry.npmjs.org/react-dom/-/react-dom-19.3.0.tgz 0ms (cache hit)
475 http cache lucide-react@https://registry.npmjs.org/lucide-react/-/lucide-react-1.48.0.tgz 0ms (cache hit)
476 silly tarball no local data for @rolldown/binding-win32-x64-msvc@https://registry.npmjs.org/@rolldown/binding-win32-x64-msvc/-/binding-win32-x64-msvc-1.2.10.tgz. Extracting by manifest.
477 silly tarball no local data for @oxc-project/types@https://registry.npmjs.org/@oxc-project/types/-/types-0.151.0.tgz. Extracting by manifest.
478 silly tarball no local data for fdir@https://registry.npmjs.org/fdir/-/fdir-6.5.0.tgz. Extracting by manifest.
479 silly tarball no local data for picocolors@https://registry.npmjs.org/picocolors/-/picocolors-1.1.1.tgz. Extracting by manifest.
480 silly tarball no local data for detect-libc@https://registry.npmjs.org/detect-libc/-/detect-libc-2.1.2.tgz. Extracting by manifest.
481 silly tarball no local data for nanoid@https://registry.npmjs.org/nanoid/-/nanoid-3.3.19.tgz. Extracting by manifest.
482 silly tarball no local data for lightningcss-win32-x64-msvc@https://registry.npmjs.org/lightningcss-win32-x64-msvc/-/lightningcss-win32-x64-msvc-1.33.0.tgz. Extracting by manifest.
483 silly tarball no local data for source-map-js@https://registry.npmjs.org/source-map-js/-/source-map-js-1.2.1.tgz. Extracting by manifest.
484 silly tarball no local data for tinyglobby@https://registry.npmjs.org/tinyglobby/-/tinyglobby-0.2.17.tgz. Extracting by manifest.
485 silly tarball no local data for rolldown@https://registry.npmjs.org/rolldown/-/rolldown-1.2.10.tgz. Extracting by manifest.
486 silly tarball no local data for postcss@https://registry.npmjs.org/postcss/-/postcss-8.5.28.tgz. Extracting by manifest.
487 silly tarball no local data for picomatch@https://registry.npmjs.org/picomatch/-/picomatch-4.0.7.tgz. Extracting by manifest.
488 silly tarball no local data for @rolldown/pluginutils@https://registry.npmjs.org/@rolldown/pluginutils/-/pluginutils-1.0.1.tgz. Extracting by manifest.
489 silly tarball no local data for scheduler@https://registry.npmjs.org/scheduler/-/scheduler-0.28.0.tgz. Extracting by manifest.
490 silly tarball no local data for lightningcss@https://registry.npmjs.org/lightningcss/-/lightningcss-1.33.0.tgz. Extracting by manifest.
491 silly tarball no local data for react@https://registry.npmjs.org/react/-/react-19.3.0.tgz. Extracting by manifest.
492 silly tarball no local data for vite@https://registry.npmjs.org/vite/-/vite-8.3.0.tgz. Extracting by manifest.
493 silly tarball no local data for @vitejs/plugin-react@https://registry.npmjs.org/@vitejs/plugin-react/-/plugin-react-6.1.1.tgz. Extracting by manifest.
494 silly tarball no local data for react-dom@https://registry.npmjs.org/react-dom/-/react-dom-19.3.0.tgz. Extracting by manifest.
495 silly tarball no local data for lucide-react@https://registry.npmjs.org/lucide-react/-/lucide-react-1.48.0.tgz. Extracting by manifest.
496 http fetch GET 200 https://registry.npmjs.org/detect-libc/-/detect-libc-2.1.2.tgz 127ms (cache miss)
497 http fetch GET 200 https://registry.npmjs.org/picocolors/-/picocolors-1.1.1.tgz 133ms (cache miss)
498 http fetch GET 200 https://registry.npmjs.org/tinyglobby/-/tinyglobby-0.2.17.tgz 144ms (cache miss)
499 http fetch GET 200 https://registry.npmjs.org/@oxc-project/types/-/types-0.151.0.tgz 151ms (cache miss)
500 http fetch GET 200 https://registry.npmjs.org/fdir/-/fdir-6.5.0.tgz 169ms (cache miss)
501 http fetch GET 200 https://registry.npmjs.org/@vitejs/plugin-react/-/plugin-react-6.1.1.tgz 220ms (cache miss)
502 http fetch POST 200 https://registry.npmjs.org/-/npm/v1/security/advisories/bulk 247ms
503 silly audit report {}
504 http fetch GET 200 https://registry.npmjs.org/@rolldown/pluginutils/-/pluginutils-1.0.1.tgz 241ms (cache miss)
505 http fetch GET 200 https://registry.npmjs.org/scheduler/-/scheduler-0.28.0.tgz 266ms (cache miss)
506 http fetch GET 200 https://registry.npmjs.org/source-map-js/-/source-map-js-1.2.1.tgz 273ms (cache miss)
507 http fetch GET 200 https://registry.npmjs.org/picomatch/-/picomatch-4.0.7.tgz 274ms (cache miss)
508 http fetch GET 200 https://registry.npmjs.org/lightningcss/-/lightningcss-1.33.0.tgz 278ms (cache miss)
509 http fetch GET 200 https://registry.npmjs.org/nanoid/-/nanoid-3.3.19.tgz 290ms (cache miss)
510 http fetch GET 200 https://registry.npmjs.org/react/-/react-19.3.0.tgz 318ms (cache miss)
511 http fetch GET 200 https://registry.npmjs.org/postcss/-/postcss-8.5.28.tgz 539ms (cache miss)
512 http fetch GET 200 https://registry.npmjs.org/vite/-/vite-8.3.0.tgz 553ms (cache miss)
513 http fetch GET 200 https://registry.npmjs.org/rolldown/-/rolldown-1.2.10.tgz 565ms (cache miss)
514 http fetch GET 200 https://registry.npmjs.org/lightningcss-win32-x64-msvc/-/lightningcss-win32-x64-msvc-1.33.0.tgz 617ms (cache miss)
515 http fetch GET 200 https://registry.npmjs.org/react-dom/-/react-dom-19.3.0.tgz 694ms (cache miss)
516 http fetch GET 200 https://registry.npmjs.org/@rolldown/binding-win32-x64-msvc/-/binding-win32-x64-msvc-1.2.10.tgz 721ms (cache miss)
517 http fetch GET 200 https://registry.npmjs.org/lucide-react/-/lucide-react-1.48.0.tgz 5173ms (cache miss)
518 silly ADD node_modules/fdir
519 silly ADD node_modules/@rolldown/binding-win32-x64-msvc
520 silly ADD node_modules/@rolldown/binding-win32-arm64-msvc
521 silly ADD node_modules/@rolldown/binding-openharmony-arm64
522 silly ADD node_modules/@rolldown/binding-linux-x64-musl
523 silly ADD node_modules/@rolldown/binding-linux-x64-gnu
524 silly ADD node_modules/@rolldown/binding-linux-s390x-gnu
525 silly ADD node_modules/@rolldown/binding-linux-ppc64-gnu
526 silly ADD node_modules/@rolldown/binding-linux-arm64-musl
527 silly ADD node_modules/@rolldown/binding-linux-arm64-gnu
528 silly ADD node_modules/@rolldown/binding-linux-arm-gnueabihf
529 silly ADD node_modules/@rolldown/binding-freebsd-x64
530 silly ADD node_modules/@rolldown/binding-darwin-x64
531 silly ADD node_modules/@rolldown/binding-darwin-arm64
532 silly ADD node_modules/@rolldown/binding-android-arm64
533 silly ADD node_modules/@rolldown/binding-android-arm-eabi
534 silly ADD node_modules/@oxc-project/types
535 silly ADD node_modules/source-map-js
536 silly ADD node_modules/picocolors
537 silly ADD node_modules/nanoid
538 silly ADD node_modules/lightningcss-win32-x64-msvc
539 silly ADD node_modules/lightningcss-win32-arm64-msvc
540 silly ADD node_modules/lightningcss-linux-x64-musl
541 silly ADD node_modules/lightningcss-linux-x64-gnu
542 silly ADD node_modules/lightningcss-linux-arm64-musl
543 silly ADD node_modules/lightningcss-linux-arm64-gnu
544 silly ADD node_modules/lightningcss-linux-arm-gnueabihf
545 silly ADD node_modules/lightningcss-freebsd-x64
546 silly ADD node_modules/lightningcss-darwin-x64
547 silly ADD node_modules/lightningcss-darwin-arm64
548 silly ADD node_modules/lightningcss-android-arm64
549 silly ADD node_modules/detect-libc
550 silly ADD node_modules/tinyglobby
551 silly ADD node_modules/rolldown
552 silly ADD node_modules/postcss
553 silly ADD node_modules/picomatch
554 silly ADD node_modules/lightningcss
555 silly ADD node_modules/fsevents
556 silly ADD node_modules/scheduler
557 silly ADD node_modules/@rolldown/pluginutils
558 silly ADD node_modules/react-dom
559 silly ADD node_modules/react
560 silly ADD node_modules/lucide-react
561 silly ADD node_modules/vite
562 silly ADD node_modules/@vitejs/plugin-react
563 verbose cwd D:\download\gym-admin
564 verbose os Windows_NT 10.0.26200
565 verbose node v24.11.0
566 verbose npm  v11.6.1
567 notice
567 notice New minor version of npm available! 11.6.1 -> 11.20.0
567 notice Changelog: https://github.com/npm/cli/releases/tag/v11.20.0
567 notice To update run: npm install -g npm@11.20.0
567 notice  { force: true, Symbol(proc-log.meta): true }
568 verbose exit 0
569 info ok
